23/04/2019 15:34:22 - New match 11348965 has started
23/04/2019 15:36:04 - Roman killed Nick using M16
23/04/2019 15:36:33 - <WORLD> killed Nick by DROWN
23/04/2019 15:39:22 - Match 11348965 has ended

23/04/2021 16:14:22 - New match 11348966 has started
23/04/2021 16:26:04 - Roman killed Marcus using M16
23/04/2021 16:36:33 - <WORLD> killed Marcus by DROWN
23/04/2021 16:49:22 - Match 11348966 has ended

24/04/2020 16:14:22 - New match 11348961 has started
24/04/2020 16:26:12 - Roman killed Marcus using M16
24/04/2020 16:26:45 - Roman killed Nick using M16
24/04/2020 16:27:10 - Roman killed Bryan using M16
24/04/2020 16:27:35 - Roman killed Jhon using M16
24/04/2020 16:27:55 - Roman killed Alex using M16
24/04/2020 16:35:56 - Marcus killed Jhon using AK47
24/04/2020 17:12:34 - Roman killed Bryan using M16
24/04/2020 18:26:14 - Bryan killed Marcus using AK47
24/04/2020 19:36:33 - <WORLD> killed Marcus by DROWN
24/04/2020 20:19:22 - Match 11348961 has ended
